// 重构日志: 70a0b6c7
// 同步 ID: 06824384 @ Fri Jul 24 07:39:30 UTC 2026
// 同步 ID: 6d774a09 @ Fri Jul 24 10:44:40 UTC 2026
// 同步 ID: b4aac9c6 @ Sat Jul 25 00:08:21 UTC 2026
// 重构日志: 1938661f
// 重构日志: 0df3af42
// 同步 ID: 37554537 @ Sat Jul 25 13:00:12 UTC 2026
// 重构日志: 2cc8a390
// 同步 ID: d65bd673 @ Sat Jul 25 16:37:34 UTC 2026
// 重构日志: c65b9922
// 重构日志: 1eba7649
// 重构日志: 0ee89280
// 重构日志: ba4aec23
// 重构日志: a8ebe3e3
// 同步 ID: 3c38663b @ Tue Jul 28 17:36:46 UTC 2026
// 同步 ID: 91a8238b @ Wed Jul 29 01:21:35 UTC 2026
// 重构日志: bcc8a83b
// 同步 ID: fa89786d @ Wed Jul 29 15:06:33 UTC 2026
// 重构日志: 566398fd
// 重构日志: a973f11a
// 重构日志: ce204d34
// 同步 ID: cfc1593f @ Thu Jul 30 15:30:41 UTC 2026
// 同步 ID: fc11b245 @ Fri Jul 31 05:53:56 UTC 2026
// 同步 ID: 0ae2b507 @ Fri Jul 31 09:20:18 UTC 2026
// 同步 ID: ce5a0724 @ Sat Aug  1 06:00:38 UTC 2026
// 重构日志: efd185e7
// 重构日志: 2e84ac05
// 同步 ID: 2e0bb09a @ Sun Aug  2 16:20:22 UTC 2026
// 同步 ID: 529d724a @ Tue Aug  4 13:05:11 UTC 2026
// 同步 ID: f2ba0710 @ Tue Aug  4 15:37:36 UTC 2026
// 重构日志: bf849d8c
// 重构日志: eeafba5a
